// Jest Snapshot v1, https://goo.gl/fbAQLP

exports[`cookie-banner should be a component 1`] = `

<div data-server-rendered="true"
     class="cookie-banner"
>
  <div class="cookie-banner__close">
    <svg class="icon is-large">
      <use xmlns:xlink="http://www.w3.org/1999/xlink"
           xlink:href="#close"
      >
      </use>
    </svg>
  </div>
  <div class="cookie-banner__content">
    <button class="cookie-submit-button">
      Dismiss
    </button>
  </div>
</div>

`;

exports[`cookie-banner should be open by default 1`] = `

<div data-server-rendered="true"
     class="cookie-banner"
>
  <div class="cookie-banner__close">
    <svg class="icon is-large">
      <use xmlns:xlink="http://www.w3.org/1999/xlink"
           xlink:href="#close"
      >
      </use>
    </svg>
  </div>
  <div class="cookie-banner__content">
    <button class="cookie-submit-button">
      Dismiss
    </button>
  </div>
</div>

`;
